2026-05-13 20:54:29,521 - INFO - ==================================================
2026-05-13 20:54:29,522 - INFO - Запуск ETL процесса
2026-05-13 20:54:29,522 - INFO - ==================================================
2026-05-13 20:54:29,534 - INFO - 
1. Загрузка raw слоя...
2026-05-13 20:54:29,534 - ERROR -  Ошибка в sql/01_create_raw.sql: [Errno 2] No such file or directory: 'sql/01_create_raw.sql'
2026-05-13 20:54:29,535 - ERROR - 
 Ошибка выполнения: [Errno 2] No such file or directory: 'sql/01_create_raw.sql'
2026-05-13 20:57:29,986 - INFO - ==================================================
2026-05-13 20:57:29,986 - INFO - Запуск ETL процесса
2026-05-13 20:57:29,986 - INFO - ==================================================
2026-05-13 20:57:30,003 - INFO - 
1. Загрузка raw слоя...
2026-05-13 20:57:30,003 - ERROR -  Ошибка в sql/01_create_raw.sql: [Errno 2] No such file or directory: 'sql/01_create_raw.sql'
2026-05-13 20:57:30,004 - ERROR - 
 Ошибка выполнения: [Errno 2] No such file or directory: 'sql/01_create_raw.sql'
2026-05-13 21:01:55,348 - INFO - ==================================================
2026-05-13 21:01:55,349 - INFO - Запуск ETL процесса
2026-05-13 21:01:55,349 - INFO - ==================================================
2026-05-13 21:01:55,359 - ERROR - 
 Ошибка выполнения: name 'filepath' is not defined
2026-05-13 21:02:37,480 - INFO - ==================================================
2026-05-13 21:02:37,480 - INFO - Запуск ETL процесса
2026-05-13 21:02:37,480 - INFO - ==================================================
2026-05-13 21:02:37,492 - INFO - 
1. Загрузка raw слоя...
2026-05-13 21:02:37,492 - ERROR - ✗ Файл не найден: sql/01_create_raw.sql
2026-05-13 21:02:37,492 - ERROR - 
 Ошибка выполнения: [Errno 2] No such file or directory: 'sql/01_create_raw.sql'
2026-05-13 21:03:39,900 - INFO - ==================================================
2026-05-13 21:03:39,900 - INFO - Запуск ETL процесса
2026-05-13 21:03:39,900 - INFO - ==================================================
2026-05-13 21:03:39,911 - INFO - 
1. Загрузка raw слоя...
2026-05-13 21:03:39,986 - INFO - ✓ Выполнен sql/create_raw.sql
2026-05-13 21:03:39,987 - INFO -    Загружено строк в raw_sales_1c: 3727
2026-05-13 21:03:39,987 - INFO - 
2. Создание staging слоя...
2026-05-13 21:03:40,008 - ERROR - ✗ Ошибка в sql/create_stg.sql: Binder Error: Referenced column "plan_date" not found in FROM clause!
Candidate bindings: "plan_qty", "chain_name", "chain_id", "mon_weight", "sat_weight"
2026-05-13 21:03:40,008 - ERROR - 
 Ошибка выполнения: Binder Error: Referenced column "plan_date" not found in FROM clause!
Candidate bindings: "plan_qty", "chain_name", "chain_id", "mon_weight", "sat_weight"
2026-05-13 21:05:55,233 - INFO - ==================================================
2026-05-13 21:05:55,234 - INFO - Запуск ETL процесса
2026-05-13 21:05:55,234 - INFO - ==================================================
2026-05-13 21:05:55,250 - INFO - 
1. Загрузка raw слоя...
2026-05-13 21:05:55,302 - INFO - ✓ Выполнен sql/create_raw.sql
2026-05-13 21:05:55,302 - INFO -    Загружено строк в raw_sales_1c: 3727
2026-05-13 21:05:55,302 - INFO - 
2. Создание staging слоя...
2026-05-13 21:05:55,303 - ERROR - ✗ Файл не найден: sql/create_stg.sql
2026-05-13 21:05:55,303 - ERROR - 
 Ошибка выполнения: [Errno 2] No such file or directory: 'sql/create_stg.sql'
2026-05-13 21:08:21,856 - INFO - ============================================================
2026-05-13 21:08:21,856 - INFO - ЗАПУСК ETL ПРОЦЕССА
2026-05-13 21:08:21,856 - INFO - ============================================================
2026-05-13 21:08:21,873 - INFO - 
📁 1. Загрузка RAW данных из CSV...
2026-05-13 21:08:21,912 - INFO -    ✓ Загружено продаж: 3727 строк
2026-05-13 21:08:21,919 - INFO -    ✓ Загружено планов: 96 строк
2026-05-13 21:08:21,923 - INFO -    ✓ Загружено связей: 4 строк
2026-05-13 21:08:21,923 - INFO - 
🔄 2. Создание STAGING слоя...
2026-05-13 21:08:21,935 - INFO -    ✓ Staging продаж: 3721 строк (удалено дублей: 6)
2026-05-13 21:08:23,541 - INFO -    Колонки в plan.csv: ['month', 'region', 'chain_id', 'chain_name', 'product_group', 'plan_qty', 'mon_weight', 'tue_weight', 'wed_weight', 'thu_weight', 'fri_weight', 'sat_weight', 'sun_weight']
2026-05-13 21:08:23,542 - INFO -    Использую колонку с датой: month
2026-05-13 21:08:23,543 - ERROR - 
❌ ОШИБКА: Conversion Error: invalid date field format: "2025-01", expected format is (YYYY-MM-DD) when casting from source column month

LINE 7:                     CAST(month AS DATE) AS plan_month,
                            ^
2026-05-13 21:10:18,051 - INFO - ============================================================
2026-05-13 21:10:18,051 - INFO - ЗАПУСК ETL ПРОЦЕССА
2026-05-13 21:10:18,051 - INFO - ============================================================
2026-05-13 21:10:18,068 - INFO - 
📁 1. Загрузка RAW данных из CSV...
2026-05-13 21:10:18,105 - INFO -    ✓ Загружено продаж: 3727 строк
2026-05-13 21:10:18,112 - INFO -    ✓ Загружено планов: 96 строк
2026-05-13 21:10:18,116 - INFO -    ✓ Загружено связей: 4 строк
2026-05-13 21:10:18,116 - INFO - 
🔄 2. Создание STAGING слоя...
2026-05-13 21:10:18,130 - INFO -    ✓ Staging продаж: 3721 строк (удалено дублей: 6)
2026-05-13 21:10:18,130 - INFO -    Обработка плана с форматом даты ГГГГ-ММ...
2026-05-13 21:10:18,134 - INFO -    ✓ Месяцы в плане: ['2026-01-01', '2025-02-01', '2026-02-01']
2026-05-13 21:10:18,134 - INFO - 
📅 3. Распределение месячного плана по дням...
2026-05-13 21:10:18,144 - INFO -    ✓ План распределен на 2880 дней
2026-05-13 21:10:18,145 - INFO -    Пример сумм дневного плана по месяцам: [(datetime.datetime(2026, 3, 1, 0, 0), 1124692.543103449), (datetime.datetime(2026, 2, 1, 0, 0), 1025260.0000000001)]
2026-05-13 21:10:18,145 - INFO - 
📊 4. Построение итоговой витрины...
2026-05-13 21:10:18,158 - INFO -    ✓ Витрина создана: 2880 строк
2026-05-13 21:10:18,158 - INFO - 
✅ 5. Проверки качества...
2026-05-13 21:10:18,161 - INFO -    ✓ Нет дублей в витрине
2026-05-13 21:10:18,161 - INFO -    ✓ Нет пустых ключевых полей
2026-05-13 21:10:18,162 - INFO -    ✓ Старая номенклатура заменена
2026-05-13 21:10:18,166 - WARNING -    ⚠ Есть расхождения в сумме плана: 96 случаев
2026-05-13 21:10:18,166 - INFO - 
📈 6. Статистика по витрине:
2026-05-13 21:10:18,169 - INFO -    - Всего дней в витрине: 2880
2026-05-13 21:10:18,169 - INFO -    - Сумма факта: 185,517
2026-05-13 21:10:18,169 - INFO -    - Сумма плана: 10,199,474
2026-05-13 21:10:18,170 - INFO -    - Средний процент выполнения: 2.2%
2026-05-13 21:10:18,170 - INFO - 
📋 Пример данных из витрины (первые 10 строк):
2026-05-13 21:10:18,439 - INFO - 
📊 Статистика по месяцам:
2026-05-13 21:10:18,445 - INFO - 
============================================================
2026-05-13 21:10:18,445 - INFO - ✅ ETL ПРОЦЕСС УСПЕШНО ЗАВЕРШЕН!
2026-05-13 21:10:18,445 - INFO - ============================================================
2026-05-13 21:10:18,445 - INFO - 📁 База данных: dwh.duckdb
2026-05-13 21:10:18,445 - INFO - 📄 Лог файл: run.log
2026-05-13 21:25:01,448 - INFO - ============================================================
2026-05-13 21:25:01,448 - INFO - ЗАПУСК ETL ПРОЦЕССА
2026-05-13 21:25:01,448 - INFO - ============================================================
2026-05-13 21:25:01,462 - INFO - 
1. Загрузка RAW данных...
2026-05-13 21:25:01,534 - INFO -    Продажи: 3727 строк, План: 96 строк
2026-05-13 21:25:01,534 - INFO - 
2. Staging продаж...
2026-05-13 21:25:01,547 - INFO -    Staging продаж: 3721 строк
2026-05-13 21:25:01,547 - INFO - 
3. Подготовка плана...
2026-05-13 21:25:01,551 - INFO - 
4. Распределение плана по дням...
2026-05-13 21:25:01,552 - ERROR - ❌ Ошибка: Binder Error: No function matches the given name and argument types 'date_part(STRING_LITERAL, TIMESTAMP[])'. You might need to add explicit type casts.
	Candidate functions:
	date_part(VARCHAR[], DATE) -> STRUCT()
	date_part(VARCHAR[], INTERVAL) -> STRUCT()
	date_part(VARCHAR[], TIME) -> STRUCT()
	date_part(VARCHAR[], TIMESTAMP) -> STRUCT()
	date_part(VARCHAR[], TIME WITH TIME ZONE) -> STRUCT()
	date_part(VARCHAR[], TIME_NS) -> STRUCT()
	date_part(VARCHAR, DATE) -> BIGINT
	date_part(VARCHAR, INTERVAL) -> BIGINT
	date_part(VARCHAR, TIME) -> BIGINT
	date_part(VARCHAR, TIMESTAMP) -> BIGINT
	date_part(VARCHAR, TIME WITH TIME ZONE) -> BIGINT
	date_part(VARCHAR, TIME_NS) -> BIGINT
	date_part(VARCHAR[], TIMESTAMP WITH TIME ZONE) -> STRUCT()
	date_part(VARCHAR, TIMESTAMP WITH TIME ZONE) -> BIGINT


LINE 41:                     CASE EXTRACT(DOW FROM date)
                                  ^
2026-05-13 21:26:51,025 - INFO - ============================================================
2026-05-13 21:26:51,026 - INFO - ЗАПУСК ETL ПРОЦЕССА
2026-05-13 21:26:51,026 - INFO - ============================================================
2026-05-13 21:26:51,043 - INFO - 
1. Загрузка RAW данных...
2026-05-13 21:26:51,097 - INFO -    Продажи: 3727 строк, План: 96 строк
2026-05-13 21:26:51,098 - INFO - 
2. Staging продаж...
2026-05-13 21:26:51,109 - INFO -    Staging продаж: 3721 строк
2026-05-13 21:26:51,109 - INFO - 
3. Подготовка плана...
2026-05-13 21:26:51,112 - INFO - 
4. Распределение плана по дням...
2026-05-13 21:26:51,120 - INFO -    Создано 2880 записей дневного плана
2026-05-13 21:26:51,121 - INFO - 
5. Проверка распределения плана...
2026-05-13 21:26:51,127 - ERROR - ❌ Ошибка: unsupported operand type(s) for -: 'float' and 'decimal.Decimal'
2026-05-13 21:27:39,584 - INFO - ============================================================
2026-05-13 21:27:39,584 - INFO - ЗАПУСК ETL ПРОЦЕССА
2026-05-13 21:27:39,584 - INFO - ============================================================
2026-05-13 21:27:39,600 - INFO - 
1. Загрузка RAW данных...
2026-05-13 21:27:39,648 - INFO -    Продажи: 3727 строк, План: 96 строк
2026-05-13 21:27:39,649 - INFO - 
2. Staging продаж...
2026-05-13 21:27:39,661 - INFO -    Staging продаж: 3721 строк
2026-05-13 21:27:39,661 - INFO - 
3. Подготовка плана...
2026-05-13 21:27:39,663 - INFO - 
4. Распределение плана по дням...
2026-05-13 21:27:39,675 - INFO -    Создано 2880 записей дневного плана
2026-05-13 21:27:39,675 - INFO - 
5. Проверка распределения плана...
2026-05-13 21:27:39,679 - WARNING -    ОШИБКА: CH001/Минск/Полуфабрикаты - план 2650 != сумма дней 11971 (разница 9320.74)
2026-05-13 21:27:39,679 - WARNING -    ОШИБКА: CH001/Минск/Сосиски - план 3643 != сумма дней 16456 (разница 12813.26)
2026-05-13 21:27:39,679 - WARNING -    ОШИБКА: CH002/Брест/Колбасы - план 3315 != сумма дней 14289 (разница 10973.75)
2026-05-13 21:27:39,679 - WARNING -    ОШИБКА: CH002/Брест/Сосиски - план 2805 != сумма дней 12091 (разница 9285.52)
2026-05-13 21:27:39,679 - WARNING -    ОШИБКА: CH002/Брест/Полуфабрикаты - план 2203 != сумма дней 8812 (разница 6609.08)
2026-05-13 21:27:39,680 - WARNING -    ⚠ Есть небольшие расхождения из-за округления
2026-05-13 21:27:39,680 - INFO - 
6. Построение витрины...
2026-05-13 21:27:39,691 - INFO -    Витрина создана: 2880 строк
2026-05-13 21:27:39,692 - INFO - 
7. Итоговая статистика:
2026-05-13 21:27:39,696 - INFO -    Период: 2025-01-01 - 2026-03-31
2026-05-13 21:27:39,696 - INFO -    Регионы: 4, Цепочки: 4, Товарные группы: 4
2026-05-13 21:27:39,696 - INFO -    Всего факт: 185,517, План: 1,700,541
2026-05-13 21:27:39,696 - INFO - 
📋 Пример данных из витрины (первые 10 строк):
2026-05-13 21:27:40,014 - INFO - 
✅ Проверки качества:
2026-05-13 21:27:40,018 - INFO -    Дубли в витрине: Нет
2026-05-13 21:27:40,018 - INFO -    Пустые ключи: Нет
2026-05-13 21:27:40,019 - INFO -    Старая номенклатура: Заменена
2026-05-13 21:27:40,022 - INFO -    План распределен: Есть расхождения (96)
2026-05-13 21:27:40,022 - INFO - 
============================================================
2026-05-13 21:27:40,022 - INFO - ✅ ETL ПРОЦЕСС ЗАВЕРШЕН!
2026-05-13 21:27:40,023 - INFO - ============================================================
2026-05-13 21:32:33,448 - INFO - ============================================================
2026-05-13 21:32:33,448 - INFO - ЗАПУСК ETL ПРОЦЕССА
2026-05-13 21:32:33,448 - INFO - ============================================================
2026-05-13 21:32:33,464 - INFO - 
1. Загрузка RAW данных...
2026-05-13 21:32:33,517 - INFO -    Продажи: 3727 строк, План: 96 строк
2026-05-13 21:32:33,517 - INFO - 
2. Staging продаж...
2026-05-13 21:32:33,529 - INFO -    Staging продаж: 3721 строк
2026-05-13 21:32:33,530 - INFO - 
3. Подготовка плана...
2026-05-13 21:32:33,532 - INFO - 
4. Распределение плана по дням...
2026-05-13 21:32:33,541 - INFO -    Создано 2880 записей дневного плана
2026-05-13 21:32:33,542 - INFO - 
5. Проверка распределения плана...
2026-05-13 21:32:33,546 - WARNING -    ОШИБКА: CH003/Гродно/Полуфабрикаты - план 2098 != сумма дней 9477 (разница 7379.08)
2026-05-13 21:32:33,546 - WARNING -    ОШИБКА: CH002/Брест/Деликатесы - план 1265 != сумма дней 5060 (разница 3794.96)
2026-05-13 21:32:33,546 - WARNING -    ОШИБКА: CH001/Минск/Сосиски - план 3802 != сумма дней 15208 (разница 11406.04)
2026-05-13 21:32:33,546 - WARNING -    ОШИБКА: CH002/Брест/Деликатесы - план 1318 != сумма дней 5681 (разница 4362.99)
2026-05-13 21:32:33,546 - WARNING -    ОШИБКА: CH001/Минск/Полуфабрикаты - план 2880 != сумма дней 12414 (разница 9533.75)
2026-05-13 21:32:33,546 - WARNING -    ⚠ Есть небольшие расхождения из-за округления
2026-05-13 21:32:33,546 - INFO - 
6. Построение витрины...
2026-05-13 21:32:33,559 - INFO -    Витрина создана: 2880 строк
2026-05-13 21:32:33,559 - INFO - 
7. Итоговая статистика:
2026-05-13 21:32:33,564 - INFO -    Период: 2025-01-01 - 2026-03-31
2026-05-13 21:32:33,564 - INFO -    Регионы: 4, Цепочки: 4, Товарные группы: 4
2026-05-13 21:32:33,564 - INFO -    Всего факт: 185,517, План: 1,700,541
2026-05-13 21:32:33,564 - INFO - 
📋 Пример данных из витрины (первые 10 строк):
2026-05-13 21:32:33,866 - INFO - 
✅ Проверки качества:
2026-05-13 21:32:33,869 - INFO -    Дубли в витрине: Нет
2026-05-13 21:32:33,869 - INFO -    Пустые ключи: Нет
2026-05-13 21:32:33,870 - INFO -    Старая номенклатура: Заменена
2026-05-13 21:32:33,874 - INFO -    План распределен: Есть расхождения (96)
2026-05-13 21:32:33,875 - INFO - 
============================================================
2026-05-13 21:32:33,875 - INFO - ✅ ETL ПРОЦЕСС ЗАВЕРШЕН!
2026-05-13 21:32:33,875 - INFO - ============================================================
2026-05-13 21:33:35,162 - INFO - ============================================================
2026-05-13 21:33:35,162 - INFO - ЗАПУСК ETL ПРОЦЕССА
2026-05-13 21:33:35,162 - INFO - ============================================================
2026-05-13 21:33:35,181 - INFO - 
1. Загрузка RAW данных...
2026-05-13 21:33:35,228 - INFO -    Продажи: 3727 строк, План: 96 строк
2026-05-13 21:33:35,228 - INFO - 
2. Staging продаж...
2026-05-13 21:33:35,241 - INFO -    Staging продаж: 3721 строк
2026-05-13 21:33:35,241 - INFO - 
3. Подготовка плана...
2026-05-13 21:33:35,244 - INFO - 
4. Распределение плана по дням...
2026-05-13 21:33:35,252 - INFO -    Создано 2880 записей дневного плана
2026-05-13 21:33:35,252 - INFO - 
5. Проверка распределения плана...
2026-05-13 21:33:35,256 - WARNING -    ОШИБКА: CH003/Гродно/Полуфабрикаты - план 2098 != сумма дней 9477 (разница 7379.08)
2026-05-13 21:33:35,256 - WARNING -    ОШИБКА: CH002/Брест/Деликатесы - план 1265 != сумма дней 5060 (разница 3794.96)
2026-05-13 21:33:35,256 - WARNING -    ОШИБКА: CH001/Минск/Сосиски - план 3802 != сумма дней 15208 (разница 11406.04)
2026-05-13 21:33:35,256 - WARNING -    ОШИБКА: CH002/Брест/Деликатесы - план 1318 != сумма дней 5681 (разница 4362.99)
2026-05-13 21:33:35,256 - WARNING -    ОШИБКА: CH001/Минск/Полуфабрикаты - план 2880 != сумма дней 12414 (разница 9533.75)
2026-05-13 21:33:35,257 - WARNING -    ⚠ Есть небольшие расхождения из-за округления
2026-05-13 21:33:35,257 - INFO - 
6. Построение витрины...
2026-05-13 21:33:35,270 - INFO -    Витрина создана: 2880 строк
2026-05-13 21:33:35,270 - INFO - 
7. Итоговая статистика:
2026-05-13 21:33:35,275 - INFO -    Период: 2025-01-01 - 2026-03-31
2026-05-13 21:33:35,275 - INFO -    Регионы: 4, Цепочки: 4, Товарные группы: 4
2026-05-13 21:33:35,275 - INFO -    Всего факт: 185,517, План: 1,700,541
2026-05-13 21:33:35,275 - INFO - 
📋 Пример данных из витрины (первые 10 строк):
2026-05-13 21:33:35,567 - INFO - 
✅ Проверки качества:
2026-05-13 21:33:35,571 - INFO -    Дубли в витрине: Нет
2026-05-13 21:33:35,571 - INFO -    Пустые ключи: Нет
2026-05-13 21:33:35,572 - INFO -    Старая номенклатура: Заменена
2026-05-13 21:33:35,575 - INFO -    План распределен: Есть расхождения (96)
2026-05-13 21:33:35,575 - INFO - 
============================================================
2026-05-13 21:33:35,576 - INFO - ✅ ETL ПРОЦЕСС ЗАВЕРШЕН!
2026-05-13 21:33:35,576 - INFO - ============================================================
2026-05-13 21:33:55,411 - INFO - ============================================================
2026-05-13 21:33:55,411 - INFO - ЗАПУСК ETL ПРОЦЕССА
2026-05-13 21:33:55,411 - INFO - ============================================================
2026-05-13 21:33:55,429 - INFO - 
1. Загрузка RAW данных...
2026-05-13 21:33:55,477 - INFO -    Продажи: 3727 строк, План: 96 строк
2026-05-13 21:33:55,477 - INFO - 
2. Staging продаж...
2026-05-13 21:33:55,489 - INFO -    Staging продаж: 3721 строк
2026-05-13 21:33:55,489 - INFO - 
3. Подготовка плана...
2026-05-13 21:33:55,491 - INFO - 
4. Распределение плана по дням...
2026-05-13 21:33:55,500 - INFO -    Создано 2880 записей дневного плана
2026-05-13 21:33:55,501 - INFO - 
5. Проверка распределения плана...
2026-05-13 21:33:55,504 - WARNING -    ОШИБКА: CH003/Гродно/Полуфабрикаты - план 2098 != сумма дней 9477 (разница 7379.08)
2026-05-13 21:33:55,504 - WARNING -    ОШИБКА: CH002/Брест/Деликатесы - план 1265 != сумма дней 5060 (разница 3794.96)
2026-05-13 21:33:55,504 - WARNING -    ОШИБКА: CH001/Минск/Сосиски - план 3802 != сумма дней 15208 (разница 11406.04)
2026-05-13 21:33:55,504 - WARNING -    ОШИБКА: CH002/Брест/Деликатесы - план 1318 != сумма дней 5681 (разница 4362.99)
2026-05-13 21:33:55,505 - WARNING -    ОШИБКА: CH001/Минск/Полуфабрикаты - план 2880 != сумма дней 12414 (разница 9533.75)
2026-05-13 21:33:55,505 - WARNING -    ⚠ Есть небольшие расхождения из-за округления
2026-05-13 21:33:55,505 - INFO - 
6. Построение витрины...
2026-05-13 21:33:55,517 - INFO -    Витрина создана: 2880 строк
2026-05-13 21:33:55,517 - INFO - 
7. Итоговая статистика:
2026-05-13 21:33:55,522 - INFO -    Период: 2025-01-01 - 2026-03-31
2026-05-13 21:33:55,522 - INFO -    Регионы: 4, Цепочки: 4, Товарные группы: 4
2026-05-13 21:33:55,522 - INFO -    Всего факт: 185,517, План: 1,700,541
2026-05-13 21:33:55,522 - INFO - 
📋 Пример данных из витрины (первые 10 строк):
2026-05-13 21:33:55,795 - INFO - 
✅ Проверки качества:
2026-05-13 21:33:55,798 - INFO -    Дубли в витрине: Нет
2026-05-13 21:33:55,798 - INFO -    Пустые ключи: Нет
2026-05-13 21:33:55,799 - INFO -    Старая номенклатура: Заменена
2026-05-13 21:33:55,803 - INFO -    План распределен: Есть расхождения (96)
2026-05-13 21:33:55,803 - INFO - 
============================================================
2026-05-13 21:33:55,803 - INFO - ✅ ETL ПРОЦЕСС ЗАВЕРШЕН!
2026-05-13 21:33:55,803 - INFO - ============================================================
2026-05-13 21:36:34,834 - INFO - ============================================================
2026-05-13 21:36:34,834 - INFO - ЗАПУСК ETL ПРОЦЕССА
2026-05-13 21:36:34,834 - INFO - ============================================================
2026-05-13 21:36:34,853 - INFO - 
1. Загрузка RAW данных...
2026-05-13 21:36:34,904 - INFO -    Продажи: 3727 строк, План: 96 строк
2026-05-13 21:36:34,904 - INFO - 
2. Staging продаж...
2026-05-13 21:36:34,916 - INFO -    Staging продаж: 3721 строк
2026-05-13 21:36:34,916 - INFO - 
3. Подготовка плана...
2026-05-13 21:36:34,918 - INFO - 
4. Распределение плана по дням...
2026-05-13 21:36:34,927 - INFO -    Создано 2880 записей дневного плана
2026-05-13 21:36:34,927 - INFO - 
5. Проверка распределения плана...
2026-05-13 21:36:34,931 - WARNING -    ОШИБКА: CH003/Гродно/Полуфабрикаты - план 2098 != сумма дней 9477 (разница 7379.08)
2026-05-13 21:36:34,931 - WARNING -    ОШИБКА: CH002/Брест/Деликатесы - план 1265 != сумма дней 5060 (разница 3794.96)
2026-05-13 21:36:34,931 - WARNING -    ОШИБКА: CH001/Минск/Сосиски - план 3802 != сумма дней 15208 (разница 11406.04)
2026-05-13 21:36:34,931 - WARNING -    ОШИБКА: CH002/Брест/Деликатесы - план 1318 != сумма дней 5681 (разница 4362.99)
2026-05-13 21:36:34,931 - WARNING -    ОШИБКА: CH001/Минск/Полуфабрикаты - план 2880 != сумма дней 12414 (разница 9533.75)
2026-05-13 21:36:34,931 - WARNING -    ⚠ Есть небольшие расхождения из-за округления
2026-05-13 21:36:34,931 - INFO - 
6. Построение витрины...
2026-05-13 21:36:34,944 - INFO -    Витрина создана: 2880 строк
2026-05-13 21:36:34,945 - INFO - 
7. Итоговая статистика:
2026-05-13 21:36:34,949 - INFO -    Период: 2025-01-01 - 2026-03-31
2026-05-13 21:36:34,949 - INFO -    Регионы: 4, Цепочки: 4, Товарные группы: 4
2026-05-13 21:36:34,949 - INFO -    Всего факт: 185,517, План: 1,700,541
2026-05-13 21:36:34,949 - INFO - 
📋 Пример данных из витрины (первые 10 строк):
2026-05-13 21:36:35,259 - INFO - 
✅ Проверки качества:
2026-05-13 21:36:35,263 - INFO -    Дубли в витрине: Нет
2026-05-13 21:36:35,263 - INFO -    Пустые ключи: Нет
2026-05-13 21:36:35,264 - INFO -    Старая номенклатура: Заменена
2026-05-13 21:36:35,267 - INFO -    План распределен: Есть расхождения (96)
2026-05-13 21:36:35,268 - INFO - 
============================================================
2026-05-13 21:36:35,268 - INFO - ✅ ETL ПРОЦЕСС ЗАВЕРШЕН!
2026-05-13 21:36:35,268 - INFO - ============================================================
2026-05-13 21:37:27,894 - INFO - ============================================================
2026-05-13 21:37:27,895 - INFO - ЗАПУСК ETL ПРОЦЕССА
2026-05-13 21:37:27,895 - INFO - ============================================================
2026-05-13 21:37:27,912 - INFO - 
1. Загрузка RAW данных...
2026-05-13 21:37:27,966 - INFO -    Продажи: 3727 строк, План: 96 строк
2026-05-13 21:37:27,966 - INFO - 
2. Staging продаж...
2026-05-13 21:37:27,979 - INFO -    Staging продаж: 3721 строк
2026-05-13 21:37:27,979 - INFO - 
3. Подготовка плана...
2026-05-13 21:37:27,982 - INFO - 
4. Распределение плана по дням...
2026-05-13 21:37:27,988 - INFO -    Создано 2880 записей дневного плана
2026-05-13 21:37:27,988 - INFO - 
5. Проверка распределения плана...
2026-05-13 21:37:27,992 - WARNING -    ОШИБКА: CH003/Гродно/Полуфабрикаты - план 2098 != сумма дней 9477 (разница 7379.08)
2026-05-13 21:37:27,992 - WARNING -    ОШИБКА: CH002/Брест/Деликатесы - план 1265 != сумма дней 5060 (разница 3794.96)
2026-05-13 21:37:27,992 - WARNING -    ОШИБКА: CH001/Минск/Сосиски - план 3802 != сумма дней 15208 (разница 11406.04)
2026-05-13 21:37:27,992 - WARNING -    ОШИБКА: CH002/Брест/Деликатесы - план 1318 != сумма дней 5681 (разница 4362.99)
2026-05-13 21:37:27,992 - WARNING -    ОШИБКА: CH001/Минск/Полуфабрикаты - план 2880 != сумма дней 12414 (разница 9533.75)
2026-05-13 21:37:27,992 - WARNING -    ⚠ Есть небольшие расхождения из-за округления
2026-05-13 21:37:27,993 - INFO - 
6. Построение витрины...
2026-05-13 21:37:28,006 - INFO -    Витрина создана: 2880 строк
2026-05-13 21:37:28,006 - INFO - 
7. Итоговая статистика:
2026-05-13 21:37:28,011 - INFO -    Период: 2025-01-01 - 2026-03-31
2026-05-13 21:37:28,011 - INFO -    Регионы: 4, Цепочки: 4, Товарные группы: 4
2026-05-13 21:37:28,011 - INFO -    Всего факт: 185,517, План: 1,700,541
2026-05-13 21:37:28,011 - INFO - 
📋 Пример данных из витрины (первые 10 строк):
2026-05-13 21:37:28,310 - INFO - 
✅ Проверки качества:
2026-05-13 21:37:28,313 - INFO -    Дубли в витрине: Нет
2026-05-13 21:37:28,313 - INFO -    Пустые ключи: Нет
2026-05-13 21:37:28,314 - INFO -    Старая номенклатура: Заменена
2026-05-13 21:37:28,317 - INFO -    План распределен: Есть расхождения (96)
2026-05-13 21:37:28,317 - INFO - 
============================================================
2026-05-13 21:37:28,318 - INFO - ✅ ETL ПРОЦЕСС ЗАВЕРШЕН!
2026-05-13 21:37:28,318 - INFO - ============================================================
2026-05-13 21:39:20,948 - INFO - ============================================================
2026-05-13 21:39:20,948 - INFO - ЗАПУСК ETL ПРОЦЕССА
2026-05-13 21:39:20,948 - INFO - ============================================================
2026-05-13 21:39:20,960 - INFO - 
1. Загрузка RAW данных...
2026-05-13 21:39:21,007 - INFO -    Продажи: 3727 строк, План: 96 строк
2026-05-13 21:39:21,007 - INFO - 
2. Staging продаж...
2026-05-13 21:39:21,019 - INFO -    Staging продаж: 3721 строк
2026-05-13 21:39:21,019 - INFO - 
3. Подготовка плана...
2026-05-13 21:39:21,022 - INFO - 
4. Распределение плана по дням...
2026-05-13 21:39:21,028 - INFO -    Создано 2880 записей дневного плана
2026-05-13 21:39:21,035 - INFO - 
6. Построение витрины...
2026-05-13 21:39:21,047 - INFO -    Витрина создана: 2880 строк
2026-05-13 21:39:21,047 - INFO - 
7. Итоговая статистика:
2026-05-13 21:39:21,052 - INFO -    Период: 2025-01-01 - 2026-03-31
2026-05-13 21:39:21,052 - INFO -    Регионы: 4, Цепочки: 4, Товарные группы: 4
2026-05-13 21:39:21,052 - INFO -    Всего факт: 185,517, План: 1,700,541
2026-05-13 21:39:21,052 - INFO - 
📋 Пример данных из витрины (первые 10 строк):
2026-05-13 21:39:21,351 - INFO - 
✅ Проверки качества:
2026-05-13 21:39:21,353 - INFO -    Дубли в витрине: Нет
2026-05-13 21:39:21,354 - INFO -    Пустые ключи: Нет
2026-05-13 21:39:21,355 - INFO -    Старая номенклатура: Заменена
2026-05-13 21:39:21,358 - INFO -    План распределен: Есть расхождения (96)
2026-05-13 21:39:21,358 - INFO - 
============================================================
2026-05-13 21:39:21,358 - INFO - ✅ ETL ПРОЦЕСС ЗАВЕРШЕН!
2026-05-13 21:39:21,358 - INFO - ============================================================
2026-05-13 21:40:53,109 - INFO - ============================================================
2026-05-13 21:40:53,109 - INFO - ЗАПУСК ETL ПРОЦЕССА
2026-05-13 21:40:53,109 - INFO - ============================================================
2026-05-13 21:40:53,126 - INFO - 
1. Загрузка RAW данных...
2026-05-13 21:40:53,174 - INFO -    Продажи: 3727 строк, План: 96 строк
2026-05-13 21:40:53,174 - INFO - 
2. Staging продаж...
2026-05-13 21:40:53,186 - INFO -    Staging продаж: 3721 строк
2026-05-13 21:40:53,186 - INFO - 
3. Подготовка плана...
2026-05-13 21:40:53,189 - INFO - 
4. Распределение плана по дням...
2026-05-13 21:40:53,196 - INFO -    Создано 2880 записей дневного плана
2026-05-13 21:40:53,196 - INFO - 
5. Проверка распределения плана...
2026-05-13 21:40:53,201 - WARNING -    CH004/Гомель/Деликатесы 2025-01-01: план 1070 != сумма 4833 (разница 3763.40)
2026-05-13 21:40:53,202 - WARNING -    CH003/Гродно/Деликатесы 2025-01-01: план 1355 != сумма 6121 (разница 4765.86)
2026-05-13 21:40:53,202 - WARNING -    CH001/Минск/Полуфабрикаты 2025-01-01: план 2650 != сумма 11971 (разница 9320.74)
2026-05-13 21:40:53,202 - WARNING -    CH001/Минск/Сосиски 2025-01-01: план 3643 != сумма 16456 (разница 12813.26)
2026-05-13 21:40:53,202 - WARNING -    CH002/Брест/Колбасы 2025-01-01: план 3050 != сумма 13778 (разница 10727.54)
2026-05-13 21:40:53,202 - INFO - 
6. Построение витрины...
2026-05-13 21:40:53,216 - INFO -    Витрина создана: 2880 строк
2026-05-13 21:40:53,216 - INFO - 
7. Итоговая статистика:
2026-05-13 21:40:53,219 - INFO -    Период: 2025-01-01 - 2026-03-31
2026-05-13 21:40:53,219 - INFO -    Всего факт: 185,517
2026-05-13 21:40:53,219 - INFO -    Всего план: 1,700,541
2026-05-13 21:40:53,219 - INFO - 
📋 Пример данных из витрины:
2026-05-13 21:40:53,531 - INFO - 
✅ Проверки качества:
2026-05-13 21:40:53,534 - INFO -    Дубли в витрине: Нет
2026-05-13 21:40:53,534 - INFO -    Пустые ключи: Нет
2026-05-13 21:40:53,535 - INFO -    Старая номенклатура: Заменена
2026-05-13 21:40:53,535 - INFO - 
============================================================
2026-05-13 21:40:53,535 - INFO - ✅ ETL ПРОЦЕСС ЗАВЕРШЕН!
2026-05-13 21:40:53,535 - INFO - ============================================================
2026-05-13 21:42:40,504 - INFO - ============================================================
2026-05-13 21:42:40,504 - INFO - ЗАПУСК ETL ПРОЦЕССА
2026-05-13 21:42:40,504 - INFO - ============================================================
2026-05-13 21:42:40,517 - INFO - 
1. Загрузка RAW данных...
2026-05-13 21:42:40,564 - INFO -    Продажи: 3727 строк, План: 96 строк
2026-05-13 21:42:40,564 - INFO - 
2. Staging продаж...
2026-05-13 21:42:40,576 - INFO -    Staging продаж: 3721 строк
2026-05-13 21:42:40,576 - INFO - 
3. Подготовка плана...
2026-05-13 21:42:40,578 - INFO - 
4. Распределение плана по дням...
2026-05-13 21:42:40,592 - INFO -    Создано 2880 записей дневного плана
2026-05-13 21:42:40,596 - INFO -    Проверка: сумма дневного плана за январь = 173778, сумма планов в raw = 38470
2026-05-13 21:42:40,596 - ERROR - ❌ Ошибка: unsupported operand type(s) for -: 'float' and 'decimal.Decimal'
2026-05-13 21:44:29,054 - INFO - ============================================================
2026-05-13 21:44:29,054 - INFO - ЗАПУСК ETL ПРОЦЕССА
2026-05-13 21:44:29,055 - INFO - ============================================================
2026-05-13 21:44:29,070 - INFO - 
1. Загрузка RAW данных...
2026-05-13 21:44:29,118 - INFO -    Продажи: 3727 строк, План: 96 строк
2026-05-13 21:44:29,118 - INFO - 
2. Staging продаж...
2026-05-13 21:44:29,132 - INFO -    Staging продаж: 3721 строк
2026-05-13 21:44:29,132 - INFO - 
3. Подготовка плана...
2026-05-13 21:44:29,135 - INFO - 
4. Распределение плана по дням...
2026-05-13 21:44:29,144 - INFO -    Создано 2880 записей дневного плана
2026-05-13 21:44:29,144 - INFO - 
5. Проверка распределения плана...
2026-05-13 21:44:29,150 - ERROR - ❌ Ошибка: unsupported operand type(s) for -: 'float' and 'decimal.Decimal'
2026-05-13 21:47:10,927 - INFO - ============================================================
2026-05-13 21:47:10,927 - INFO - ЗАПУСК ETL ПРОЦЕССА
2026-05-13 21:47:10,927 - INFO - ============================================================
2026-05-13 21:47:10,940 - INFO - 
1. Загрузка RAW данных...
2026-05-13 21:47:10,991 - INFO -    Продажи: 3727 строк, План: 96 строк
2026-05-13 21:47:10,991 - INFO - 
2. Staging продаж...
2026-05-13 21:47:11,003 - INFO -    Staging продаж: 3721 строк
2026-05-13 21:47:11,003 - INFO - 
3. Подготовка плана...
2026-05-13 21:47:11,006 - INFO - 
4. Распределение плана по дням...
2026-05-13 21:47:11,014 - INFO -    Создано 2880 записей дневного плана
2026-05-13 21:47:11,014 - INFO - 
5. Проверка распределения плана...
2026-05-13 21:47:11,015 - INFO -    Сумма планов за январь (raw): 38470
2026-05-13 21:47:11,015 - INFO -    Сумма дневных планов за январь: 173778
2026-05-13 21:47:11,015 - WARNING -    ⚠️ Расхождение: 135308.32
2026-05-13 21:47:11,015 - INFO - 
6. Построение витрины...
2026-05-13 21:47:11,034 - INFO -    Витрина создана: 2880 строк
2026-05-13 21:47:11,034 - INFO - 
7. Итоговая статистика:
2026-05-13 21:47:11,037 - INFO -    Период: 2025-01-01 - 2026-03-31
2026-05-13 21:47:11,037 - INFO -    Всего факт: 185,517
2026-05-13 21:47:11,037 - INFO -    Всего план: 1,095,604
2026-05-13 21:47:11,037 - INFO - 
📋 Пример данных из витрины (первые 10 строк):
2026-05-13 21:47:11,320 - INFO - 
✅ Проверки качества:
2026-05-13 21:47:11,323 - INFO -    Дубли в витрине: Нет
2026-05-13 21:47:11,324 - INFO -    Пустые ключи: Нет
2026-05-13 21:47:11,325 - INFO -    Старая номенклатура: Заменена
2026-05-13 21:47:11,326 - INFO -    Дубли документов в raw: 6 (исключены из витрины)
2026-05-13 21:47:11,326 - INFO - 
============================================================
2026-05-13 21:47:11,327 - INFO - ✅ ETL ПРОЦЕСС ЗАВЕРШЕН!
2026-05-13 21:47:11,327 - INFO - ============================================================
2026-05-13 21:53:23,748 - INFO - ============================================================
2026-05-13 21:53:23,749 - INFO - ЗАПУСК ETL ПРОЦЕССА
2026-05-13 21:53:23,749 - INFO - ============================================================
2026-05-13 21:53:23,761 - INFO - 
1. Загрузка RAW данных...
2026-05-13 21:53:23,809 - INFO -    Продажи: 3727 строк, План: 96 строк
2026-05-13 21:53:23,809 - INFO - 
2. Staging продаж...
2026-05-13 21:53:23,821 - INFO -    Staging продаж: 3721 строк
2026-05-13 21:53:23,821 - INFO - 
3. Подготовка плана...
2026-05-13 21:53:23,824 - INFO - 
4. Распределение плана по дням...
2026-05-13 21:53:23,832 - INFO -    Создано 2880 записей дневного плана
2026-05-13 21:53:23,833 - INFO - 
5. Проверка распределения плана...
2026-05-13 21:53:23,838 - WARNING -    CH002/Брест/Колбасы 2025-01-01: план 3050 != сумма 13778 (разница 10727.54)
2026-05-13 21:53:23,838 - WARNING -    CH002/Брест/Полуфабрикаты 2025-01-01: план 1877 != сумма 8479 (разница 6601.86)
2026-05-13 21:53:23,838 - WARNING -    CH004/Гомель/Полуфабрикаты 2025-01-01: план 1656 != сумма 7481 (разница 5824.60)
2026-05-13 21:53:23,838 - WARNING -    CH004/Гомель/Сосиски 2025-01-01: план 2277 != сумма 10286 (разница 8008.85)
2026-05-13 21:53:23,838 - WARNING -    CH001/Минск/Деликатесы 2025-01-01: план 1711 != сумма 7729 (разница 6018.00)
2026-05-13 21:53:23,838 - INFO - 
6. Агрегация данных...
2026-05-13 21:53:23,851 - INFO - 
7. Построение витрины...
2026-05-13 21:53:23,858 - INFO -    Витрина создана: 2880 строк
2026-05-13 21:53:23,858 - INFO - 
8. Итоговая статистика:
2026-05-13 21:53:23,861 - INFO -    Период: 2025-01-01 - 2026-03-31
2026-05-13 21:53:23,861 - INFO -    Всего факт: 185,517
2026-05-13 21:53:23,861 - INFO -    Всего план: 1,095,604
2026-05-13 21:53:23,861 - INFO - 
📋 Пример данных из витрины (первые 10 строк):
2026-05-13 21:53:24,190 - INFO - 
✅ Проверки качества:
2026-05-13 21:53:24,193 - INFO -    Дубли в витрине: Нет
2026-05-13 21:53:24,193 - INFO -    Пустые ключи: Нет
2026-05-13 21:53:24,194 - INFO -    Старая номенклатура: Заменена
2026-05-13 21:53:24,197 - INFO -    Дубли документов в raw: 6 (исключены из витрины)
2026-05-13 21:53:24,197 - INFO -    Сумма планов raw: 256,315
2026-05-13 21:53:24,198 - INFO -    Сумма планов daily: 1,095,604
2026-05-13 21:53:24,198 - WARNING -    ⚠️ Расхождение сумм: -839289
2026-05-13 21:53:24,198 - INFO - 
============================================================
2026-05-13 21:53:24,198 - INFO - ✅ ETL ПРОЦЕСС ЗАВЕРШЕН!
2026-05-13 21:53:24,198 - INFO - ============================================================
2026-05-13 21:55:15,708 - INFO - ============================================================
2026-05-13 21:55:15,708 - INFO - ЗАПУСК ETL ПРОЦЕССА
2026-05-13 21:55:15,708 - INFO - ============================================================
2026-05-13 21:55:15,725 - INFO - 
1. Загрузка RAW данных...
2026-05-13 21:55:15,772 - INFO -    Продажи: 3727 строк, План: 96 строк
2026-05-13 21:55:15,772 - INFO - 
2. Staging продаж...
2026-05-13 21:55:15,784 - INFO -    Staging продаж: 3721 строк
2026-05-13 21:55:15,785 - INFO - 
3. Подготовка плана...
2026-05-13 21:55:15,787 - INFO - 
4. Распределение плана по дням...
2026-05-13 21:55:20,778 - INFO -    Создано 2880 записей дневного плана
2026-05-13 21:55:20,778 - INFO - 
5. Проверка распределения плана...
2026-05-13 21:55:20,782 - WARNING -    CH002/Брест/Полуфабрикаты 2026-01-01: план 2142 != сумма 9510
2026-05-13 21:55:20,783 - WARNING -    CH004/Гомель/Колбасы 2025-02-01: план 2808 != сумма 11232
2026-05-13 21:55:20,783 - WARNING -    CH001/Минск/Сосиски 2025-01-01: план 3643 != сумма 16456
2026-05-13 21:55:20,783 - WARNING -    CH003/Гродно/Сосиски 2025-03-01: план 3135 != сумма 13513
2026-05-13 21:55:20,783 - WARNING -    CH002/Брест/Деликатесы 2025-01-01: план 1212 != сумма 5475
2026-05-13 21:55:20,783 - INFO - 
6. Построение витрины...
2026-05-13 21:55:20,801 - INFO -    Витрина создана: 2880 строк
2026-05-13 21:55:20,802 - INFO - 
📊 Итоговая статистика:
2026-05-13 21:55:20,802 - INFO -    Период: 2025-01-01 - 2026-03-31
2026-05-13 21:55:20,802 - INFO -    Всего факт: 185,517
2026-05-13 21:55:20,802 - INFO -    Всего план: 1,095,604
2026-05-13 21:55:20,803 - INFO - 
   Сумма планов raw: 256,315
2026-05-13 21:55:20,803 - INFO -    Сумма планов daily: 1,095,604
2026-05-13 21:55:20,803 - ERROR -    ❌ ОШИБКА: расхождение -839289
2026-05-13 21:55:20,803 - INFO - 
============================================================
2026-05-13 21:55:20,803 - INFO - ✅ ETL ПРОЦЕСС ЗАВЕРШЕН!
2026-05-13 21:55:20,803 - INFO - ============================================================
2026-05-13 21:56:39,283 - INFO - ============================================================
2026-05-13 21:56:39,283 - INFO - ЗАПУСК ETL ПРОЦЕССА
2026-05-13 21:56:39,283 - INFO - ============================================================
2026-05-13 21:56:39,299 - INFO - 
1. Загрузка RAW данных...
2026-05-13 21:56:39,347 - INFO -    Продажи: 3727 строк, План: 96 строк
2026-05-13 21:56:39,347 - INFO - 
2. Staging продаж...
2026-05-13 21:56:39,358 - INFO -    Staging продаж: 3721 строк
2026-05-13 21:56:39,358 - INFO - 
3. Подготовка плана...
2026-05-13 21:56:39,360 - INFO - 
4. Распределение плана по дням...
2026-05-13 21:56:44,455 - INFO -    Создано 2880 записей дневного плана
2026-05-13 21:56:44,455 - INFO - 
5. Проверка распределения плана...
2026-05-13 21:56:44,459 - WARNING -    CH002/Брест/Полуфабрикаты 2026-01-01: план 2142 != сумма 9510
2026-05-13 21:56:44,459 - WARNING -    CH004/Гомель/Колбасы 2025-02-01: план 2808 != сумма 11232
2026-05-13 21:56:44,459 - WARNING -    CH001/Минск/Сосиски 2025-01-01: план 3643 != сумма 16456
2026-05-13 21:56:44,459 - WARNING -    CH001/Минск/Полуфабрикаты 2025-02-01: план 2765 != сумма 11060
2026-05-13 21:56:44,459 - WARNING -    CH001/Минск/Деликатесы 2025-01-01: план 1711 != сумма 7729
2026-05-13 21:56:44,459 - INFO - 
6. Построение витрины...
2026-05-13 21:56:44,478 - INFO -    Витрина создана: 2880 строк
2026-05-13 21:56:44,479 - INFO - 
📊 Итоговая статистика:
2026-05-13 21:56:44,479 - INFO -    Период: 2025-01-01 - 2026-03-31
2026-05-13 21:56:44,479 - INFO -    Всего факт: 185,517
2026-05-13 21:56:44,479 - INFO -    Всего план: 1,095,604
2026-05-13 21:56:44,480 - INFO - 
   Сумма планов raw: 256,315
2026-05-13 21:56:44,480 - INFO -    Сумма планов daily: 1,095,604
2026-05-13 21:56:44,480 - ERROR -    ❌ ОШИБКА: расхождение -839289
2026-05-13 21:56:44,480 - INFO - 
============================================================
2026-05-13 21:56:44,481 - INFO - ✅ ETL ПРОЦЕСС ЗАВЕРШЕН!
2026-05-13 21:56:44,481 - INFO - ============================================================
2026-05-13 22:00:00,345 - INFO - ============================================================
2026-05-13 22:00:00,345 - INFO - ЗАПУСК ETL ПРОЦЕССА
2026-05-13 22:00:00,345 - INFO - ============================================================
2026-05-13 22:00:00,358 - INFO - 
1. Загрузка RAW данных...
2026-05-13 22:00:00,407 - INFO -    Продажи: 3727 строк, План: 96 строк
2026-05-13 22:00:00,407 - INFO - 
2. Staging продаж...
2026-05-13 22:00:00,419 - INFO -    Staging продаж: 3721 строк
2026-05-13 22:00:00,419 - INFO - 
3. Подготовка плана...
2026-05-13 22:00:00,422 - INFO - 
4. Распределение плана по дням...
2026-05-13 22:00:05,491 - INFO -    Создано 2880 записей дневного плана
2026-05-13 22:00:05,491 - INFO - 
5. Проверка распределения плана...
2026-05-13 22:00:05,496 - INFO -    ✓ CH002/Брест/Полуфабрикаты 2026-01-01:
2026-05-13 22:00:05,496 - INFO -        месячный план = 2142, сумма дней = 9510, коэффициент = 4.44
2026-05-13 22:00:05,496 - INFO -    ✓ CH004/Гомель/Колбасы 2025-02-01:
2026-05-13 22:00:05,496 - INFO -        месячный план = 2808, сумма дней = 11232, коэффициент = 4.00
2026-05-13 22:00:05,496 - INFO -    ✓ CH001/Минск/Сосиски 2025-01-01:
2026-05-13 22:00:05,496 - INFO -        месячный план = 3643, сумма дней = 16456, коэффициент = 4.52
2026-05-13 22:00:05,496 - INFO -    ✓ CH001/Минск/Полуфабрикаты 2025-02-01:
2026-05-13 22:00:05,496 - INFO -        месячный план = 2765, сумма дней = 11060, коэффициент = 4.00
2026-05-13 22:00:05,496 - INFO -    ✓ CH001/Минск/Деликатесы 2025-01-01:
2026-05-13 22:00:05,496 - INFO -        месячный план = 1711, сумма дней = 7729, коэффициент = 4.52
2026-05-13 22:00:05,496 - INFO -    ℹ️ Сумма дневного плана за месяц больше месячного плана, так как веса дней суммируются
2026-05-13 22:00:05,496 - INFO -    ✅ Это нормально и математически правильно
2026-05-13 22:00:05,496 - INFO - 
   Проверка одинаковых дней недели:
2026-05-13 22:00:05,497 - ERROR - ❌ Ошибка: Binder Error: Referenced column "plan_month" not found in FROM clause!
Candidate bindings: "plan_qty", "chain_id"

LINE 7:             WHERE plan_month = '2025-01-01'
                          ^
2026-05-13 22:01:31,750 - INFO - ============================================================
2026-05-13 22:01:31,750 - INFO - ЗАПУСК ETL ПРОЦЕССА
2026-05-13 22:01:31,751 - INFO - ============================================================
2026-05-13 22:01:31,767 - INFO - 
1. Загрузка RAW данных...
2026-05-13 22:01:31,815 - INFO -    Продажи: 3727 строк, План: 96 строк
2026-05-13 22:01:31,815 - INFO - 
2. Staging продаж...
2026-05-13 22:01:31,826 - INFO -    Staging продаж: 3721 строк
2026-05-13 22:01:31,826 - INFO - 
3. Подготовка плана...
2026-05-13 22:01:31,829 - INFO - 
4. Распределение плана по дням...
2026-05-13 22:01:36,798 - INFO -    Создано 2880 записей дневного плана
2026-05-13 22:01:36,798 - INFO - 
5. Агрегация данных...
2026-05-13 22:01:36,811 - INFO - 
6. Построение витрины...
2026-05-13 22:01:36,819 - INFO -    Витрина создана: 2880 строк
2026-05-13 22:01:36,819 - INFO - 
7. Итоговая статистика:
2026-05-13 22:01:36,819 - INFO -    Период: 2025-01-01 - 2026-03-31
2026-05-13 22:01:36,820 - INFO -    Всего факт: 185,517
2026-05-13 22:01:36,820 - INFO -    Всего план: 1,095,604
2026-05-13 22:01:36,820 - INFO - 
📋 Пример данных из витрины (первые 10 строк):
2026-05-13 22:01:36,824 - INFO - 
✅ Проверки качества:
2026-05-13 22:01:36,826 - INFO -    Дубли в витрине: Нет
2026-05-13 22:01:36,827 - INFO -    Пустые ключи: Нет
2026-05-13 22:01:36,828 - INFO -    Старая номенклатура: Заменена
2026-05-13 22:01:36,829 - INFO -    Дубли документов в raw: 6 (исключены из витрины)
2026-05-13 22:01:36,829 - INFO - 
============================================================
2026-05-13 22:01:36,830 - INFO - ✅ ETL ПРОЦЕСС ЗАВЕРШЕН!
2026-05-13 22:01:36,830 - INFO - ============================================================
2026-05-13 22:15:24,353 - INFO - ============================================================
2026-05-13 22:15:24,353 - INFO - ЗАПУСК ETL ПРОЦЕССА
2026-05-13 22:15:24,353 - INFO - ============================================================
2026-05-13 22:15:24,365 - INFO - 
1. Загрузка RAW данных...
2026-05-13 22:15:24,412 - INFO -    Продажи: 3727 строк, План: 96 строк
2026-05-13 22:15:24,412 - INFO - 
2. Staging продаж...
2026-05-13 22:15:24,423 - INFO -    Staging продаж: 3721 строк
2026-05-13 22:15:24,424 - INFO - 
3. Подготовка плана...
2026-05-13 22:15:24,426 - INFO - 
4. Распределение плана по дням...
2026-05-13 22:15:29,563 - INFO -    Создано 2880 записей дневного плана
2026-05-13 22:15:29,563 - INFO - 
5. Агрегация данных...
2026-05-13 22:15:29,575 - INFO - 
6. Построение витрины...
2026-05-13 22:15:29,586 - INFO -    Витрина создана: 2880 строк
2026-05-13 22:15:29,586 - INFO - 
7. Итоговая статистика:
2026-05-13 22:15:29,587 - INFO -    Период: 2025-01-01 - 2026-03-31
2026-05-13 22:15:29,587 - INFO -    Всего факт: 185,517
2026-05-13 22:15:29,587 - INFO -    Всего план: 1,095,604
2026-05-13 22:15:29,587 - INFO - 
📋 Пример данных из витрины (первые 10 строк):
2026-05-13 22:15:29,592 - INFO - 
 Проверки качества:
2026-05-13 22:15:29,594 - INFO -    Дубли в витрине: Нет
2026-05-13 22:15:29,595 - INFO -    Пустые ключи: Нет
2026-05-13 22:15:29,596 - INFO -    Старая номенклатура: Заменена
2026-05-13 22:15:29,598 - INFO -    Дубли документов в raw: 6 (исключены из витрины)
2026-05-13 22:15:29,598 - INFO - 
============================================================
2026-05-13 22:15:29,598 - INFO - ETL ПРОЦЕСС ЗАВЕРШЕН!
2026-05-13 22:15:29,598 - INFO - ============================================================
2026-05-14 08:43:06,863 - INFO - ============================================================
2026-05-14 08:43:06,864 - INFO - ЗАПУСК ETL ПРОЦЕССА
2026-05-14 08:43:06,864 - INFO - ============================================================
2026-05-14 08:43:06,887 - INFO - 
1. Загрузка RAW данных...
2026-05-14 08:43:06,963 - INFO -    Продажи: 3727 строк, План: 96 строк
2026-05-14 08:43:06,963 - INFO - 
2. Staging продаж...
2026-05-14 08:43:06,987 - INFO -    Staging продаж: 3721 строк
2026-05-14 08:43:06,987 - INFO - 
3. Подготовка плана...
2026-05-14 08:43:06,992 - INFO - 
4. Распределение плана по дням...
2026-05-14 08:43:12,291 - INFO -    Создано 2880 записей дневного плана
2026-05-14 08:43:12,292 - INFO - 
5. Агрегация данных...
2026-05-14 08:43:12,310 - INFO - 
6. Построение витрины...
2026-05-14 08:43:12,324 - INFO -    Витрина создана: 2880 строк
2026-05-14 08:43:12,325 - INFO - 
7. Итоговая статистика:
2026-05-14 08:43:12,326 - INFO -    Период: 2025-01-01 - 2026-03-31
2026-05-14 08:43:12,326 - INFO -    Всего факт: 185,517
2026-05-14 08:43:12,326 - INFO -    Всего план: 1,095,604
2026-05-14 08:43:12,326 - INFO - 
📋 Пример данных из витрины (первые 10 строк):
2026-05-14 08:43:12,337 - INFO - 
 Проверки качества:
2026-05-14 08:43:12,340 - INFO -    Дубли в витрине: Нет
2026-05-14 08:43:12,341 - INFO -    Пустые ключи: Нет
2026-05-14 08:43:12,342 - INFO -    Старая номенклатура: Заменена
2026-05-14 08:43:12,344 - INFO -    Дубли документов в raw: 6 (исключены из витрины)
2026-05-14 08:43:12,344 - INFO - 
============================================================
2026-05-14 08:43:12,344 - INFO - ETL ПРОЦЕСС ЗАВЕРШЕН!
2026-05-14 08:43:12,344 - INFO - ============================================================
2026-05-14 08:43:12,407 - INFO - 
⭐ 1. Последняя операция клиента...
2026-05-14 08:45:31,002 - INFO - ============================================================
2026-05-14 08:45:31,002 - INFO - ЗАПУСК ETL ПРОЦЕССА
2026-05-14 08:45:31,002 - INFO - ============================================================
2026-05-14 08:45:31,019 - INFO - 
1. Загрузка RAW данных...
2026-05-14 08:45:31,067 - INFO -    Продажи: 3727 строк, План: 96 строк
2026-05-14 08:45:31,067 - INFO - 
2. Staging продаж...
2026-05-14 08:45:31,078 - INFO -    Staging продаж: 3721 строк
2026-05-14 08:45:31,078 - INFO - 
3. Подготовка плана...
2026-05-14 08:45:31,081 - INFO - 
4. Распределение плана по дням...
2026-05-14 08:45:36,022 - INFO -    Создано 2880 записей дневного плана
2026-05-14 08:45:36,022 - INFO - 
5. Агрегация данных...
2026-05-14 08:45:36,034 - INFO - 
6. Построение витрины...
2026-05-14 08:45:36,042 - INFO -    Витрина создана: 2880 строк
2026-05-14 08:45:36,042 - INFO - 
7. Итоговая статистика:
2026-05-14 08:45:36,043 - INFO -    Период: 2025-01-01 - 2026-03-31
2026-05-14 08:45:36,043 - INFO -    Всего факт: 185,517
2026-05-14 08:45:36,043 - INFO -    Всего план: 1,095,604
2026-05-14 08:45:36,043 - INFO - 
📋 Пример данных из витрины (первые 10 строк):
2026-05-14 08:45:36,048 - INFO - 
 Проверки качества:
2026-05-14 08:45:36,050 - INFO -    Дубли в витрине: Нет
2026-05-14 08:45:36,051 - INFO -    Пустые ключи: Нет
2026-05-14 08:45:36,052 - INFO -    Старая номенклатура: Заменена
2026-05-14 08:45:36,053 - INFO -    Дубли документов в raw: 6 (исключены из витрины)
2026-05-14 08:45:36,053 - INFO - 
============================================================
2026-05-14 08:45:36,053 - INFO - ETL ПРОЦЕСС ЗАВЕРШЕН!
2026-05-14 08:45:36,053 - INFO - ============================================================
2026-05-14 08:45:36,112 - INFO - 
⭐ 1. Последняя операция клиента...
2026-05-14 08:47:28,242 - INFO - ============================================================
2026-05-14 08:47:28,242 - INFO - ЗАПУСК ETL ПРОЦЕССА
2026-05-14 08:47:28,242 - INFO - ============================================================
2026-05-14 08:47:28,259 - INFO - 
1. Загрузка RAW данных...
2026-05-14 08:47:28,306 - INFO -    Продажи: 3727 строк, План: 96 строк
2026-05-14 08:47:28,307 - INFO - 
2. Staging продаж...
2026-05-14 08:47:28,318 - INFO -    Staging продаж: 3721 строк
2026-05-14 08:47:28,318 - INFO - 
3. Подготовка плана...
2026-05-14 08:47:28,321 - INFO - 
4. Распределение плана по дням...
2026-05-14 08:47:33,220 - INFO -    Создано 2880 записей дневного плана
2026-05-14 08:47:33,220 - INFO - 
5. Агрегация данных...
2026-05-14 08:47:33,234 - INFO - 
6. Построение витрины...
2026-05-14 08:47:33,242 - INFO -    Витрина создана: 2880 строк
2026-05-14 08:47:33,242 - INFO - 
7. Итоговая статистика:
2026-05-14 08:47:33,243 - INFO -    Период: 2025-01-01 - 2026-03-31
2026-05-14 08:47:33,243 - INFO -    Всего факт: 185,517
2026-05-14 08:47:33,243 - INFO -    Всего план: 1,095,604
2026-05-14 08:47:33,243 - INFO - 
📋 Пример данных из витрины (первые 10 строк):
2026-05-14 08:47:33,248 - INFO - 
 Проверки качества:
2026-05-14 08:47:33,251 - INFO -    Дубли в витрине: Нет
2026-05-14 08:47:33,252 - INFO -    Пустые ключи: Нет
2026-05-14 08:47:33,253 - INFO -    Старая номенклатура: Заменена
2026-05-14 08:47:33,254 - INFO -    Дубли документов в raw: 6 (исключены из витрины)
2026-05-14 08:47:33,255 - INFO - 
============================================================
2026-05-14 08:47:33,255 - INFO - ETL ПРОЦЕСС ЗАВЕРШЕН!
2026-05-14 08:47:33,255 - INFO - ============================================================
2026-05-14 08:47:33,314 - INFO - 
⭐ 1. Последняя операция клиента...
2026-05-14 08:49:14,567 - INFO - ============================================================
2026-05-14 08:49:14,568 - INFO - ЗАПУСК ETL ПРОЦЕССА
2026-05-14 08:49:14,568 - INFO - ============================================================
2026-05-14 08:49:14,584 - INFO - 
1. Загрузка RAW данных...
2026-05-14 08:49:14,633 - INFO -    Продажи: 3727 строк, План: 96 строк
2026-05-14 08:49:14,633 - INFO - 
2. Staging продаж...
2026-05-14 08:49:14,645 - INFO -    Staging продаж: 3721 строк
2026-05-14 08:49:14,646 - INFO - 
3. Подготовка плана...
2026-05-14 08:49:14,648 - INFO - 
4. Распределение плана по дням...
2026-05-14 08:49:19,561 - INFO -    Создано 2880 записей дневного плана
2026-05-14 08:49:19,561 - INFO - 
5. Агрегация данных...
2026-05-14 08:49:19,575 - INFO - 
6. Построение витрины...
2026-05-14 08:49:19,583 - INFO -    Витрина создана: 2880 строк
2026-05-14 08:49:19,583 - INFO - 
7. Итоговая статистика:
2026-05-14 08:49:19,583 - INFO -    Период: 2025-01-01 - 2026-03-31
2026-05-14 08:49:19,583 - INFO -    Всего факт: 185,517
2026-05-14 08:49:19,583 - INFO -    Всего план: 1,095,604
2026-05-14 08:49:19,583 - INFO - 
📋 Пример данных из витрины (первые 10 строк):
2026-05-14 08:49:19,589 - INFO - 
 Проверки качества:
2026-05-14 08:49:19,592 - INFO -    Дубли в витрине: Нет
2026-05-14 08:49:19,592 - INFO -    Пустые ключи: Нет
2026-05-14 08:49:19,593 - INFO -    Старая номенклатура: Заменена
2026-05-14 08:49:19,595 - INFO -    Дубли документов в raw: 6 (исключены из витрины)
2026-05-14 08:49:19,595 - INFO - 
============================================================
2026-05-14 08:49:19,595 - INFO - ETL ПРОЦЕСС ЗАВЕРШЕН!
2026-05-14 08:49:19,595 - INFO - ============================================================
2026-05-14 08:49:19,654 - INFO - 
⭐ 1. Последняя операция клиента...
2026-05-14 08:49:31,036 - INFO - ============================================================
2026-05-14 08:49:31,036 - INFO - ЗАПУСК ETL ПРОЦЕССА
2026-05-14 08:49:31,036 - INFO - ============================================================
2026-05-14 08:49:31,052 - INFO - 
1. Загрузка RAW данных...
2026-05-14 08:49:31,103 - INFO -    Продажи: 3727 строк, План: 96 строк
2026-05-14 08:49:31,103 - INFO - 
2. Staging продаж...
2026-05-14 08:49:31,115 - INFO -    Staging продаж: 3721 строк
2026-05-14 08:49:31,115 - INFO - 
3. Подготовка плана...
2026-05-14 08:49:31,117 - INFO - 
4. Распределение плана по дням...
2026-05-14 08:49:36,069 - INFO -    Создано 2880 записей дневного плана
2026-05-14 08:49:36,069 - INFO - 
5. Агрегация данных...
2026-05-14 08:49:36,081 - INFO - 
6. Построение витрины...
2026-05-14 08:49:36,089 - INFO -    Витрина создана: 2880 строк
2026-05-14 08:49:36,089 - INFO - 
7. Итоговая статистика:
2026-05-14 08:49:36,090 - INFO -    Период: 2025-01-01 - 2026-03-31
2026-05-14 08:49:36,090 - INFO -    Всего факт: 185,517
2026-05-14 08:49:36,090 - INFO -    Всего план: 1,095,604
2026-05-14 08:49:36,090 - INFO - 
📋 Пример данных из витрины (первые 10 строк):
2026-05-14 08:49:36,095 - INFO - 
 Проверки качества:
2026-05-14 08:49:36,097 - INFO -    Дубли в витрине: Нет
2026-05-14 08:49:36,098 - INFO -    Пустые ключи: Нет
2026-05-14 08:49:36,099 - INFO -    Старая номенклатура: Заменена
2026-05-14 08:49:36,100 - INFO -    Дубли документов в raw: 6 (исключены из витрины)
2026-05-14 08:49:36,100 - INFO - 
============================================================
2026-05-14 08:49:36,101 - INFO - ETL ПРОЦЕСС ЗАВЕРШЕН!
2026-05-14 08:49:36,101 - INFO - ============================================================
2026-05-14 08:49:36,162 - INFO - 
⭐ 1. Последняя операция клиента...
2026-05-14 08:50:50,864 - INFO - ============================================================
2026-05-14 08:50:50,864 - INFO - ЗАПУСК ETL ПРОЦЕССА
2026-05-14 08:50:50,864 - INFO - ============================================================
2026-05-14 08:50:50,881 - INFO - 
1. Загрузка RAW данных...
2026-05-14 08:50:50,928 - INFO -    Продажи: 3727 строк, План: 96 строк
2026-05-14 08:50:50,929 - INFO - 
2. Staging продаж...
2026-05-14 08:50:50,941 - INFO -    Staging продаж: 3721 строк
2026-05-14 08:50:50,941 - INFO - 
3. Подготовка плана...
2026-05-14 08:50:50,944 - INFO - 
4. Распределение плана по дням...
2026-05-14 08:50:55,890 - INFO -    Создано 2880 записей дневного плана
2026-05-14 08:50:55,890 - INFO - 
5. Агрегация данных...
2026-05-14 08:50:55,905 - INFO - 
6. Построение витрины...
2026-05-14 08:50:55,913 - INFO -    Витрина создана: 2880 строк
2026-05-14 08:50:55,913 - INFO - 
7. Итоговая статистика:
2026-05-14 08:50:55,914 - INFO -    Период: 2025-01-01 - 2026-03-31
2026-05-14 08:50:55,914 - INFO -    Всего факт: 185,517
2026-05-14 08:50:55,914 - INFO -    Всего план: 1,095,604
2026-05-14 08:50:55,914 - INFO - 
📋 Пример данных из витрины (первые 10 строк):
2026-05-14 08:50:55,919 - INFO - 
 Проверки качества:
2026-05-14 08:50:55,921 - INFO -    Дубли в витрине: Нет
2026-05-14 08:50:55,922 - INFO -    Пустые ключи: Нет
2026-05-14 08:50:55,923 - INFO -    Старая номенклатура: Заменена
2026-05-14 08:50:55,925 - INFO -    Дубли документов в raw: 6 (исключены из витрины)
2026-05-14 08:50:55,925 - INFO - 
============================================================
2026-05-14 08:50:55,925 - INFO - ETL ПРОЦЕСС ЗАВЕРШЕН!
2026-05-14 08:50:55,925 - INFO - ============================================================
2026-05-14 08:50:55,990 - INFO - 
⭐ 1. Последняя операция клиента...
2026-05-14 08:52:55,721 - INFO - ============================================================
2026-05-14 08:52:55,722 - INFO - ЗАПУСК ETL ПРОЦЕССА
2026-05-14 08:52:55,722 - INFO - ============================================================
2026-05-14 08:52:55,738 - INFO - 
1. Загрузка RAW данных...
2026-05-14 08:52:55,785 - INFO -    Продажи: 3727 строк, План: 96 строк
2026-05-14 08:52:55,785 - INFO - 
2. Staging продаж...
2026-05-14 08:52:55,797 - INFO -    Staging продаж: 3721 строк
2026-05-14 08:52:55,797 - INFO - 
3. Подготовка плана...
2026-05-14 08:52:55,800 - INFO - 
4. Распределение плана по дням...
2026-05-14 08:53:00,789 - INFO -    Создано 2880 записей дневного плана
2026-05-14 08:53:00,789 - INFO - 
5. Агрегация данных...
2026-05-14 08:53:00,802 - INFO - 
6. Построение витрины...
2026-05-14 08:53:00,811 - INFO -    Витрина создана: 2880 строк
2026-05-14 08:53:00,811 - INFO - 
7. Итоговая статистика:
2026-05-14 08:53:00,812 - INFO -    Период: 2025-01-01 - 2026-03-31
2026-05-14 08:53:00,812 - INFO -    Всего факт: 185,517
2026-05-14 08:53:00,812 - INFO -    Всего план: 1,095,604
2026-05-14 08:53:00,812 - INFO - 
📋 Пример данных из витрины (первые 10 строк):
2026-05-14 08:53:00,818 - INFO - 
 Проверки качества:
2026-05-14 08:53:00,820 - INFO -    Дубли в витрине: Нет
2026-05-14 08:53:00,821 - INFO -    Пустые ключи: Нет
2026-05-14 08:53:00,822 - INFO -    Старая номенклатура: Заменена
2026-05-14 08:53:00,824 - INFO -    Дубли документов в raw: 6 (исключены из витрины)
2026-05-14 08:53:00,824 - INFO - 
============================================================
2026-05-14 08:53:00,824 - INFO - ETL ПРОЦЕСС ЗАВЕРШЕН!
2026-05-14 08:53:00,824 - INFO - ============================================================
2026-05-14 08:55:31,990 - INFO - ============================================================
2026-05-14 08:55:31,990 - INFO - ЗАПУСК ETL ПРОЦЕССА
2026-05-14 08:55:31,990 - INFO - ============================================================
2026-05-14 08:55:32,006 - INFO - 
1. Загрузка RAW данных...
2026-05-14 08:55:32,080 - INFO -    Продажи: 3727 строк, План: 96 строк
2026-05-14 08:55:32,080 - INFO - 
2. Staging продаж...
2026-05-14 08:55:32,092 - INFO -    Staging продаж: 3721 строк
2026-05-14 08:55:32,093 - INFO - 
3. Подготовка плана...
2026-05-14 08:55:32,095 - INFO - 
4. Распределение плана по дням...
2026-05-14 08:55:38,547 - INFO -    Создано 2880 записей дневного плана
2026-05-14 08:55:38,548 - INFO - 
5. Агрегация данных...
2026-05-14 08:55:38,560 - INFO - 
6. Построение витрины...
2026-05-14 08:55:38,567 - INFO -    Витрина создана: 2880 строк
2026-05-14 08:55:38,567 - INFO - 
7. Итоговая статистика:
2026-05-14 08:55:38,568 - INFO -    Период: 2025-01-01 - 2026-03-31
2026-05-14 08:55:38,568 - INFO -    Всего факт: 185,517
2026-05-14 08:55:38,568 - INFO -    Всего план: 1,095,604
2026-05-14 08:55:38,568 - INFO - 
📋 Пример данных из витрины (первые 10 строк):
2026-05-14 08:55:38,573 - INFO - 
✅ Проверки качества:
2026-05-14 08:55:38,575 - INFO -    Дубли в витрине: Нет
2026-05-14 08:55:38,576 - INFO -    Пустые ключи: Нет
2026-05-14 08:55:38,576 - INFO -    Старая номенклатура: Заменена
2026-05-14 08:55:38,578 - INFO -    Дубли документов в raw: 6 (исключены из витрины)
2026-05-14 08:55:38,579 - INFO - 
============================================================
2026-05-14 08:55:38,579 - INFO - ЗАДАНИЯ СО ЗВЕЗДОЧКОЙ
2026-05-14 08:55:38,579 - INFO - ============================================================
2026-05-14 08:55:38,579 - INFO - 
⭐ 1. Последняя операция клиента...
2026-05-14 08:55:38,586 - INFO -    Создано 4 записей (последняя операция для каждого клиента)
2026-05-14 08:55:38,587 - INFO - 
⭐ 2. Rolling 7-day metric...
2026-05-14 08:55:38,595 - INFO -    Создано 2299 записей (скользящая сумма за 7 дней)
2026-05-14 08:55:38,595 - INFO - 
⭐ 3. Month-to-date metric...
2026-05-14 08:55:38,604 - INFO -    Создано 2299 записей (накопление с начала месяца)
2026-05-14 08:55:38,605 - INFO - 
⭐ 4. Остаток на складе...
2026-05-14 08:55:38,665 - INFO -    Создано 798 записей (остатки на складах)
2026-05-14 08:55:38,667 - INFO -    Пример остатков на складах:
2026-05-14 08:55:38,668 - INFO - 
📊 Примеры результатов заданий со звездочкой:
2026-05-14 08:55:38,669 - INFO - 
   Последняя операция клиента (первые 5):
2026-05-14 08:55:38,672 - INFO - 
   Rolling 7-day (первые 5 для Минск):
2026-05-14 08:55:38,674 - INFO - 
   Month-to-date (первые 5 для Минск):
2026-05-14 08:55:38,675 - INFO - 
============================================================
2026-05-14 08:55:38,675 - INFO - ✅ ETL ПРОЦЕСС ЗАВЕРШЕН! (включая задания со звездочкой)
2026-05-14 08:55:38,675 - INFO - ============================================================
2026-05-14 08:58:44,313 - INFO - ============================================================
2026-05-14 08:58:44,313 - INFO - ЗАПУСК ETL ПРОЦЕССА
2026-05-14 08:58:44,313 - INFO - ============================================================
2026-05-14 08:58:44,331 - INFO - 
1. Загрузка RAW данных...
2026-05-14 08:58:44,381 - INFO -    Продажи: 3727 строк, План: 96 строк
2026-05-14 08:58:44,381 - INFO - 
2. Staging продаж...
2026-05-14 08:58:44,392 - INFO -    Staging продаж: 3721 строк
2026-05-14 08:58:44,392 - INFO - 
3. Подготовка плана...
2026-05-14 08:58:44,395 - INFO - 
4. Распределение плана по дням...
2026-05-14 08:58:49,289 - INFO -    Создано 2880 записей дневного плана
2026-05-14 08:58:49,290 - INFO - 
5. Агрегация данных...
2026-05-14 08:58:49,303 - INFO - 
6. Построение витрины...
2026-05-14 08:58:49,311 - INFO -    Витрина создана: 2880 строк
2026-05-14 08:58:49,311 - INFO - 
7. Итоговая статистика:
2026-05-14 08:58:49,312 - INFO -    Период: 2025-01-01 - 2026-03-31
2026-05-14 08:58:49,312 - INFO -    Всего факт: 185,517
2026-05-14 08:58:49,312 - INFO -    Всего план: 1,095,604
2026-05-14 08:58:49,312 - INFO - 
 Пример данных из витрины (первые 10 строк):
2026-05-14 08:58:49,317 - INFO - 
 Проверки качества:
2026-05-14 08:58:49,319 - INFO -    Дубли в витрине: Нет
2026-05-14 08:58:49,320 - INFO -    Пустые ключи: Нет
2026-05-14 08:58:49,321 - INFO -    Старая номенклатура: Заменена
2026-05-14 08:58:49,322 - INFO -    Дубли документов в raw: 6 (исключены из витрины)
2026-05-14 08:58:49,322 - INFO - 
--------------------
2026-05-14 08:58:49,322 - INFO - ЗАДАНИЯ СО ЗВЕЗДОЧКОЙ
2026-05-14 08:58:49,323 - INFO - --------------------
2026-05-14 08:58:49,323 - INFO - 
 1. Последняя операция клиента...
2026-05-14 08:58:49,328 - INFO -    Создано 4 записей (последняя операция для каждого клиента)
2026-05-14 08:58:49,328 - INFO - 
 2. Rolling 7-day metric...
2026-05-14 08:58:49,336 - INFO -    Создано 2299 записей (скользящая сумма за 7 дней)
2026-05-14 08:58:49,336 - INFO - 
 3. Month-to-date metric...
2026-05-14 08:58:49,345 - INFO -    Создано 2299 записей (накопление с начала месяца)
2026-05-14 08:58:49,345 - INFO - 
 4. Остаток на складе...
2026-05-14 08:58:49,393 - INFO -    Создано 798 записей (остатки на складах)
2026-05-14 08:58:49,394 - INFO -    Пример остатков на складах:
2026-05-14 08:58:49,395 - INFO - 
 Примеры результатов заданий со звездочкой:
2026-05-14 08:58:49,396 - INFO - 
   Последняя операция клиента (первые 5):
2026-05-14 08:58:49,398 - INFO - 
   Rolling 7-day (первые 5 для Минск):
2026-05-14 08:58:49,400 - INFO - 
   Month-to-date (первые 5 для Минск):
2026-05-14 08:58:49,401 - INFO - 
--------------------
2026-05-14 08:58:49,401 - INFO -  ETL ПРОЦЕСС ЗАВЕРШЕН!
2026-05-14 08:58:49,401 - INFO - --------------------
2026-05-14 09:01:29,211 - INFO - 

2026-05-14 09:01:29,211 - INFO - ЗАПУСК ETL ПРОЦЕССА
2026-05-14 09:01:29,211 - INFO - 

2026-05-14 09:01:29,228 - INFO - 
1. Загрузка RAW данных...
2026-05-14 09:01:29,275 - INFO -    Продажи: 3727 строк, План: 96 строк
2026-05-14 09:01:29,275 - INFO - 
2. Staging продаж...
2026-05-14 09:01:29,287 - INFO -    Staging продаж: 3721 строк
2026-05-14 09:01:29,287 - INFO - 
3. Подготовка плана...
2026-05-14 09:01:29,290 - INFO - 
4. Распределение плана по дням...
2026-05-14 09:01:34,149 - INFO -    Создано 2880 записей дневного плана
2026-05-14 09:01:34,149 - INFO - 
5. Агрегация данных...
2026-05-14 09:01:34,161 - INFO - 
6. Построение витрины...
2026-05-14 09:01:34,169 - INFO -    Витрина создана: 2880 строк
2026-05-14 09:01:34,169 - INFO - 
7. Итоговая статистика:
2026-05-14 09:01:34,170 - INFO -    Период: 2025-01-01 - 2026-03-31
2026-05-14 09:01:34,170 - INFO -    Всего факт: 185,517
2026-05-14 09:01:34,170 - INFO -    Всего план: 1,095,604
2026-05-14 09:01:34,170 - INFO - 
 Пример данных из витрины (первые 10 строк):
2026-05-14 09:01:34,174 - INFO - 
 Проверки качества:
2026-05-14 09:01:34,177 - INFO -    Дубли в витрине: Нет
2026-05-14 09:01:34,178 - INFO -    Пустые ключи: Нет
2026-05-14 09:01:34,178 - INFO -    Старая номенклатура: Заменена
2026-05-14 09:01:34,180 - INFO -    Дубли документов в raw: 6 (исключены из витрины)
2026-05-14 09:01:34,180 - INFO - 
--------------------
2026-05-14 09:01:34,180 - INFO - ЗАДАНИЯ СО ЗВЕЗДОЧКОЙ
2026-05-14 09:01:34,180 - INFO - --------------------
2026-05-14 09:01:34,180 - INFO - 
 1. Последняя операция клиента...
2026-05-14 09:01:34,185 - INFO -    Создано 4 записей (последняя операция для каждого клиента)
2026-05-14 09:01:34,185 - INFO - 
 2. Rolling 7-day metric...
2026-05-14 09:01:34,193 - INFO -    Создано 2299 записей (скользящая сумма за 7 дней)
2026-05-14 09:01:34,193 - INFO - 
 3. Month-to-date metric...
2026-05-14 09:01:34,202 - INFO -    Создано 2299 записей (накопление с начала месяца)
2026-05-14 09:01:34,203 - INFO - 
 4. Остаток на складе...
2026-05-14 09:01:34,250 - INFO -    Создано 798 записей (остатки на складах)
2026-05-14 09:01:34,251 - INFO -    Пример остатков на складах:
2026-05-14 09:01:34,253 - INFO - 
 Примеры результатов заданий со звездочкой:
2026-05-14 09:01:34,254 - INFO - 
   Последняя операция клиента (первые 5):
2026-05-14 09:01:34,256 - INFO - 
   Rolling 7-day (первые 5 для Минск):
2026-05-14 09:01:34,258 - INFO - 
   Month-to-date (первые 5 для Минск):
2026-05-14 09:01:34,260 - INFO - 

2026-05-14 09:01:34,260 - INFO -  ETL ПРОЦЕСС ЗАВЕРШЕН!
2026-05-14 09:01:34,260 - INFO - 

2026-05-14 09:03:20,744 - INFO - 

2026-05-14 09:03:20,744 - INFO - ЗАПУСК ETL ПРОЦЕССА
2026-05-14 09:03:20,744 - INFO - 

2026-05-14 09:03:20,761 - INFO - 
1. Загрузка RAW данных...
2026-05-14 09:03:20,810 - INFO -    Продажи: 3727 строк, План: 96 строк
2026-05-14 09:03:20,810 - INFO - 
2. Staging продаж...
2026-05-14 09:03:20,821 - INFO -    Staging продаж: 3721 строк
2026-05-14 09:03:20,822 - INFO - 
3. Подготовка плана...
2026-05-14 09:03:20,824 - INFO - 
4. Распределение плана по дням...
2026-05-14 09:03:25,738 - INFO -    Создано 2880 записей дневного плана
2026-05-14 09:03:25,739 - INFO - 
5. Агрегация данных...
2026-05-14 09:03:25,750 - INFO - 
6. Построение витрины...
2026-05-14 09:03:25,758 - INFO -    Витрина создана: 2880 строк
2026-05-14 09:03:25,758 - INFO - 
7. Итоговая статистика:
2026-05-14 09:03:25,758 - INFO -    Период: 2025-01-01 - 2026-03-31
2026-05-14 09:03:25,759 - INFO -    Всего факт: 185,517
2026-05-14 09:03:25,759 - INFO -    Всего план: 1,095,604
2026-05-14 09:03:25,759 - INFO - 
 Пример данных из витрины (первые 10 строк):
2026-05-14 09:03:25,763 - INFO - 
 Проверки качества:
2026-05-14 09:03:25,765 - INFO -    Дубли в витрине: Нет
2026-05-14 09:03:25,766 - INFO -    Пустые ключи: Нет
2026-05-14 09:03:25,767 - INFO -    Старая номенклатура: Заменена
2026-05-14 09:03:25,768 - INFO -    Дубли документов в raw: 6 (исключены из витрины)
2026-05-14 09:03:25,769 - INFO - 
--------------------
2026-05-14 09:03:25,769 - INFO - ЗАДАНИЯ СО ЗВЕЗДОЧКОЙ
2026-05-14 09:03:25,769 - INFO - --------------------
2026-05-14 09:03:25,769 - INFO - 
 1. Последняя операция клиента...
2026-05-14 09:03:25,774 - INFO -    Создано 4 записей (последняя операция для каждого клиента)
2026-05-14 09:03:25,774 - INFO - 
 2. Rolling 7-day metric...
2026-05-14 09:03:25,782 - INFO -    Создано 2299 записей (скользящая сумма за 7 дней)
2026-05-14 09:03:25,783 - INFO - 
 3. Month-to-date metric...
2026-05-14 09:03:25,792 - INFO -    Создано 2299 записей (накопление с начала месяца)
2026-05-14 09:03:25,792 - INFO - 
 4. Остаток на складе...
2026-05-14 09:03:25,841 - INFO -    Создано 798 записей (остатки на складах)
2026-05-14 09:03:25,842 - INFO -    Пример остатков на складах:
2026-05-14 09:03:25,844 - INFO - 
 Примеры результатов заданий со звездочкой:
2026-05-14 09:03:25,845 - INFO - 
   Последняя операция клиента (первые 5):
2026-05-14 09:03:25,847 - INFO - 
   Rolling 7-day (первые 5 для Минск):
2026-05-14 09:03:25,849 - INFO - 
   Month-to-date (первые 5 для Минск):
2026-05-14 09:03:25,850 - INFO - 

2026-05-14 09:03:25,850 - INFO -  ETL ПРОЦЕСС ЗАВЕРШЕН!
2026-05-14 09:03:25,850 - INFO - 

2026-05-14 09:03:51,746 - INFO - ЗАПУСК ETL ПРОЦЕССА
2026-05-14 09:03:51,746 - INFO - 

2026-05-14 09:03:51,764 - INFO - 
1. Загрузка RAW данных...
2026-05-14 09:03:51,811 - INFO -    Продажи: 3727 строк, План: 96 строк
2026-05-14 09:03:51,811 - INFO - 
2. Staging продаж...
2026-05-14 09:03:51,822 - INFO -    Staging продаж: 3721 строк
2026-05-14 09:03:51,822 - INFO - 
3. Подготовка плана...
2026-05-14 09:03:51,824 - INFO - 
4. Распределение плана по дням...
2026-05-14 09:03:56,671 - INFO -    Создано 2880 записей дневного плана
2026-05-14 09:03:56,672 - INFO - 
5. Агрегация данных...
2026-05-14 09:03:56,684 - INFO - 
6. Построение витрины...
2026-05-14 09:03:56,691 - INFO -    Витрина создана: 2880 строк
2026-05-14 09:03:56,691 - INFO - 
7. Итоговая статистика:
2026-05-14 09:03:56,691 - INFO -    Период: 2025-01-01 - 2026-03-31
2026-05-14 09:03:56,691 - INFO -    Всего факт: 185,517
2026-05-14 09:03:56,691 - INFO -    Всего план: 1,095,604
2026-05-14 09:03:56,692 - INFO - 
 Пример данных из витрины (первые 10 строк):
2026-05-14 09:03:56,696 - INFO - 
 Проверки качества:
2026-05-14 09:03:56,699 - INFO -    Дубли в витрине: Нет
2026-05-14 09:03:56,699 - INFO -    Пустые ключи: Нет
2026-05-14 09:03:56,700 - INFO -    Старая номенклатура: Заменена
2026-05-14 09:03:56,702 - INFO -    Дубли документов в raw: 6 (исключены из витрины)
2026-05-14 09:03:56,702 - INFO - 
--------------------
2026-05-14 09:03:56,702 - INFO - ЗАДАНИЯ СО ЗВЕЗДОЧКОЙ
2026-05-14 09:03:56,702 - INFO - --------------------
2026-05-14 09:03:56,702 - INFO - 
 1. Последняя операция клиента...
2026-05-14 09:03:56,707 - INFO -    Создано 4 записей (последняя операция для каждого клиента)
2026-05-14 09:03:56,707 - INFO - 
 2. Rolling 7-day metric...
2026-05-14 09:03:56,715 - INFO -    Создано 2299 записей (скользящая сумма за 7 дней)
2026-05-14 09:03:56,715 - INFO - 
 3. Month-to-date metric...
2026-05-14 09:03:56,724 - INFO -    Создано 2299 записей (накопление с начала месяца)
2026-05-14 09:03:56,724 - INFO - 
 4. Остаток на складе...
2026-05-14 09:03:56,773 - INFO -    Создано 798 записей (остатки на складах)
2026-05-14 09:03:56,774 - INFO -    Пример остатков на складах:
2026-05-14 09:03:56,775 - INFO - 
 Примеры результатов заданий со звездочкой:
2026-05-14 09:03:56,776 - INFO - 
   Последняя операция клиента (первые 5):
2026-05-14 09:03:56,778 - INFO - 
   Rolling 7-day (первые 5 для Минск):
2026-05-14 09:03:56,780 - INFO - 
   Month-to-date (первые 5 для Минск):
2026-05-14 09:03:56,781 - INFO -  ETL ПРОЦЕСС ЗАВЕРШЕН!
2026-05-14 09:03:56,781 - INFO - 

2026-05-14 09:04:38,704 - INFO - ЗАПУСК ETL ПРОЦЕССА
2026-05-14 09:04:38,705 - INFO - 

2026-05-14 09:04:38,721 - INFO - 
1. Загрузка RAW данных...
2026-05-14 09:04:38,770 - INFO -    Продажи: 3727 строк, План: 96 строк
2026-05-14 09:04:38,770 - INFO - 
2. Staging продаж...
2026-05-14 09:04:38,781 - INFO -    Staging продаж: 3721 строк
2026-05-14 09:04:38,781 - INFO - 
3. Подготовка плана...
2026-05-14 09:04:38,784 - INFO - 
4. Распределение плана по дням...
2026-05-14 09:04:43,671 - INFO -    Создано 2880 записей дневного плана
2026-05-14 09:04:43,671 - INFO - 
5. Агрегация данных...
2026-05-14 09:04:43,682 - INFO - 
6. Построение витрины...
2026-05-14 09:04:43,690 - INFO -    Витрина создана: 2880 строк
2026-05-14 09:04:43,690 - INFO - 
7. Итоговая статистика:
2026-05-14 09:04:43,691 - INFO -    Период: 2025-01-01 - 2026-03-31
2026-05-14 09:04:43,691 - INFO -    Всего факт: 185,517
2026-05-14 09:04:43,691 - INFO -    Всего план: 1,095,604
2026-05-14 09:04:43,691 - INFO - 
 Пример данных из витрины (первые 10 строк):
2026-05-14 09:04:43,696 - INFO - 
 Проверки качества:
2026-05-14 09:04:43,698 - INFO -    Дубли в витрине: Нет
2026-05-14 09:04:43,699 - INFO -    Пустые ключи: Нет
2026-05-14 09:04:43,699 - INFO -    Старая номенклатура: Заменена
2026-05-14 09:04:43,701 - INFO -    Дубли документов в raw: 6 (исключены из витрины)
2026-05-14 09:04:43,701 - INFO - --------------------
2026-05-14 09:04:43,701 - INFO - ЗАДАНИЯ СО ЗВЕЗДОЧКОЙ
2026-05-14 09:04:43,702 - INFO - --------------------
2026-05-14 09:04:43,702 - INFO - 
 1. Последняя операция клиента...
2026-05-14 09:04:43,706 - INFO -    Создано 4 записей (последняя операция для каждого клиента)
2026-05-14 09:04:43,706 - INFO - 
 2. Rolling 7-day metric...
2026-05-14 09:04:43,715 - INFO -    Создано 2299 записей (скользящая сумма за 7 дней)
2026-05-14 09:04:43,715 - INFO - 
 3. Month-to-date metric...
2026-05-14 09:04:43,724 - INFO -    Создано 2299 записей (накопление с начала месяца)
2026-05-14 09:04:43,724 - INFO - 
 4. Остаток на складе...
2026-05-14 09:04:43,771 - INFO -    Создано 798 записей (остатки на складах)
2026-05-14 09:04:43,773 - INFO -    Пример остатков на складах:
2026-05-14 09:04:43,774 - INFO - 
 Примеры результатов заданий со звездочкой:
2026-05-14 09:04:43,775 - INFO - 
   Последняя операция клиента (первые 5):
2026-05-14 09:04:43,777 - INFO - 
   Rolling 7-day (первые 5 для Минск):
2026-05-14 09:04:43,779 - INFO - 
   Month-to-date (первые 5 для Минск):
2026-05-14 09:04:43,780 - INFO -  ETL ПРОЦЕСС ЗАВЕРШЕН!
2026-05-14 09:04:43,780 - INFO - 

2026-05-14 09:05:14,939 - INFO - ЗАПУСК ETL ПРОЦЕССА
2026-05-14 09:05:14,939 - INFO - 

2026-05-14 09:05:14,956 - INFO - 
1. Загрузка RAW данных...
2026-05-14 09:05:15,003 - INFO -    Продажи: 3727 строк, План: 96 строк
2026-05-14 09:05:15,003 - INFO - 
2. Staging продаж...
2026-05-14 09:05:15,015 - INFO -    Staging продаж: 3721 строк
2026-05-14 09:05:15,015 - INFO - 
3. Подготовка плана...
2026-05-14 09:05:15,018 - INFO - 
4. Распределение плана по дням...
2026-05-14 09:05:19,895 - INFO -    Создано 2880 записей дневного плана
2026-05-14 09:05:19,895 - INFO - 
5. Агрегация данных...
2026-05-14 09:05:19,906 - INFO - 
6. Построение витрины...
2026-05-14 09:05:19,914 - INFO -    Витрина создана: 2880 строк
2026-05-14 09:05:19,914 - INFO - 
7. Итоговая статистика:
2026-05-14 09:05:19,915 - INFO -    Период: 2025-01-01 - 2026-03-31
2026-05-14 09:05:19,915 - INFO -    Всего факт: 185,517
2026-05-14 09:05:19,915 - INFO -    Всего план: 1,095,604
2026-05-14 09:05:19,915 - INFO - 
 Пример данных из витрины (первые 10 строк):
2026-05-14 09:05:19,920 - INFO - 
 Проверки качества:
2026-05-14 09:05:19,922 - INFO -    Дубли в витрине: Нет
2026-05-14 09:05:19,923 - INFO -    Пустые ключи: Нет
2026-05-14 09:05:19,924 - INFO -    Старая номенклатура: Заменена
2026-05-14 09:05:19,925 - INFO -    Дубли документов в raw: 6 (исключены из витрины)
2026-05-14 09:05:19,925 - INFO - --------------------
2026-05-14 09:05:19,925 - INFO - ЗАДАНИЯ СО ЗВЕЗДОЧКОЙ
2026-05-14 09:05:19,925 - INFO - --------------------
2026-05-14 09:05:19,925 - INFO - 
 1. Последняя операция клиента...
2026-05-14 09:05:19,930 - INFO -    Создано 4 записей (последняя операция для каждого клиента)
2026-05-14 09:05:19,930 - INFO - 
 2. Rolling 7-day metric...
2026-05-14 09:05:19,939 - INFO -    Создано 2299 записей (скользящая сумма за 7 дней)
2026-05-14 09:05:19,939 - INFO - 
 3. Month-to-date metric...
2026-05-14 09:05:19,948 - INFO -    Создано 2299 записей (накопление с начала месяца)
2026-05-14 09:05:19,948 - INFO - 
 4. Остаток на складе...
2026-05-14 09:05:19,995 - INFO -    Создано 798 записей (остатки на складах)
2026-05-14 09:05:19,996 - INFO -    Пример остатков на складах:
2026-05-14 09:05:19,998 - INFO - 
 Примеры результатов заданий со звездочкой:
2026-05-14 09:05:19,999 - INFO - 
   Последняя операция клиента (первые 5):
2026-05-14 09:05:20,001 - INFO - 
   Rolling 7-day (первые 5 для Минск):
2026-05-14 09:05:20,003 - INFO - 
   Month-to-date (первые 5 для Минск):
2026-05-14 09:05:20,005 - INFO -  ETL ПРОЦЕСС ЗАВЕРШЕН!
